============================= test session starts =============================
platform win32 -- Python 3.12.6, pytest-8.4.1, pluggy-1.6.0 -- C:\Users\misha\AppData\Local\Programs\Python\Python312\python.exe
cachedir: .pytest_cache
rootdir: D:\Programming\LLM-analysis
configfile: pytest.ini
plugins: anyio-4.6.2.post1
collecting ... collected 59 items

test_cli_functionality.py::test_cli_classify_command PASSED              [  1%]
test_cli_functionality.py::test_cli_extract_name_command PASSED          [  3%]
test_cli_functionality.py::test_cli_check_match_command PASSED           [  5%]
test_cli_functionality.py::test_cli_portfolio_command PASSED             [  6%]
test_cli_functionality.py::test_cli_portfolio_expected_name_propagation PASSED [  8%]
tests/test_classifier.py::test_compute_similarity_identical PASSED       [ 10%]
tests/test_classifier.py::test_compute_similarity_similar PASSED         [ 11%]
tests/test_classifier.py::test_compute_similarity_different PASSED       [ 13%]
tests/test_classifier.py::test_compute_similarity_empty_strings PASSED   [ 15%]
tests/test_classifier.py::test_compute_similarity_one_empty PASSED       [ 16%]
tests/test_classifier.py::test_compute_similarity_case_insensitive PASSED [ 18%]
tests/test_classifier.py::test_is_match_true_and_false PASSED            [ 20%]
tests/test_classifier.py::test_is_match_with_different_thresholds PASSED [ 22%]
tests/test_classifier.py::test_is_match_case_insensitive PASSED          [ 23%]
tests/test_classifier.py::test_is_match_with_whitespace PASSED           [ 25%]
tests/test_classifier.py::test_is_match_empty_strings PASSED             [ 27%]
tests/test_llm_client.py::test_classify_with_llm_structure PASSED        [ 28%]
tests/test_llm_client.py::test_classify_with_llm_different_category PASSED [ 30%]
tests/test_llm_client.py::test_classify_with_llm_no_category_found PASSED [ 32%]
tests/test_llm_client.py::test_classify_with_llm_no_description PASSED   [ 33%]
tests/test_llm_client.py::test_classify_with_llm_case_insensitive_parsing PASSED [ 35%]
tests/test_llm_client.py::test_classify_with_llm_multiline_output PASSED [ 37%]
tests/test_llm_client.py::test_classify_with_llm_with_stderr PASSED      [ 38%]
tests/test_llm_client.py::test_classify_with_llm_empty_output PASSED     [ 40%]
tests/test_llm_client.py::test_classify_with_llm_text_truncation PASSED  [ 42%]
tests/test_main.py::test_main_runs PASSED                                [ 44%]
tests/test_main.py::test_main_with_multiple_files PASSED                 [ 45%]
tests/test_main.py::test_main_with_missing_file PASSED                   [ 47%]
tests/test_main.py::test_main_with_no_expected_name PASSED               [ 49%]
tests/test_main.py::test_main_with_different_similarity_scores PASSED    [ 50%]
tests/test_main.py::test_main_with_empty_manifest PASSED                 [ 52%]
tests/test_name_extractor.py::test_extract_person_name_json PASSED       [ 54%]
tests/test_name_extractor.py::test_extract_person_name_no_match PASSED   [ 55%]
tests/test_name_extractor.py::test_extract_person_name_empty_expected PASSED [ 57%]
tests/test_name_extractor.py::test_extract_person_name_invalid_json PASSED [ 59%]
tests/test_name_extractor.py::test_extract_person_name_missing_fields PASSED [ 61%]
tests/test_name_extractor.py::test_extract_person_name_with_stderr PASSED [ 62%]
tests/test_name_extractor.py::test_extract_person_name_empty_output PASSED [ 64%]
tests/test_name_extractor.py::test_extract_person_name_different_name_formats PASSED [ 66%]
tests/test_name_extractor.py::test_extract_person_name_with_special_characters PASSED [ 67%]
tests/test_ocr.py::test_preprocess_image_returns_image PASSED            [ 69%]
tests/test_ocr.py::test_preprocess_image_different_sizes PASSED          [ 71%]
tests/test_ocr.py::test_preprocess_image_different_colors PASSED         [ 72%]
tests/test_ocr.py::test_preprocess_image_different_languages PASSED      [ 74%]
tests/test_ocr.py::test_preprocess_image_grayscale_input PASSED          [ 76%]
tests/test_ocr.py::test_preprocess_image_binary_input PASSED             [ 77%]
tests/test_ocr.py::test_preprocess_image_rectangular PASSED              [ 79%]
tests/test_ocr.py::test_preprocess_image_square PASSED                   [ 81%]
tests/test_ocr.py::test_preprocess_image_with_text_simulation PASSED     [ 83%]
tests/test_portfoilo_analyzer.py::test_analyze_portfolio_basic PASSED    [ 84%]
tests/test_portfoilo_analyzer.py::test_analyze_portfolio_empty_list PASSED [ 86%]
tests/test_portfoilo_analyzer.py::test_analyze_portfolio_single_document PASSED [ 88%]
tests/test_portfoilo_analyzer.py::test_analyze_portfolio_all_categories PASSED [ 89%]
tests/test_portfoilo_analyzer.py::test_analyze_portfolio_duplicate_documents PASSED [ 91%]
tests/test_portfoilo_analyzer.py::test_analyze_portfolio_unknown_categories PASSED [ 93%]
tests/test_portfoilo_analyzer.py::test_analyze_portfolio_mixed_case PASSED [ 94%]
tests/test_portfoilo_analyzer.py::test_analyze_portfolio_with_whitespace PASSED [ 96%]
tests/test_portfoilo_analyzer.py::test_analyze_portfolio_high_score_scenario PASSED [ 98%]
tests/test_portfoilo_analyzer.py::test_analyze_portfolio_low_score_scenario PASSED [100%]

======================= 59 passed, 10 warnings in 3.54s =======================
